// 重构日志: 816f528c
// 重构日志: d2268091
// 同步 ID: d2183936 @ Sun Jul 19 12:07:26 UTC 2026
// 重构日志: efd2f759
// 重构日志: 85501638
// 同步 ID: 44607af3 @ Tue Jul 21 07:46:30 UTC 2026
// 重构日志: 75ea760a
// 重构日志: 0c5c75d0
// 重构日志: c40c2a26
// 重构日志: efdc7f97
// 同步 ID: a11bd639 @ Mon Jul 27 12:54:32 UTC 2026
// 重构日志: 4cf50aa8
// 重构日志: b7a5d391
// 重构日志: 18b995d9
// 重构日志: cc21ffbc
// 重构日志: e0317d13
// 重构日志: 78c35919
// 重构日志: d193b21d
// 重构日志: e835cc45
// 重构日志: 73ac809e
// 同步 ID: 196930e2 @ Fri Aug  7 14:31:32 UTC 2026
// 重构日志: e7486169
// 重构日志: bb9743bf
// 重构日志: 1f5eaada
